##fileformat=VCFv4.2
##FILTER=<ID=PASS,Description="All filters passed">
##FORMAT=<ID=GT,Number=1,Type=String,Description="Genotype">
##contig=<ID=1,assembly=b37,length=249250621>
##reference=file:///lustre/scratch105/projects/g1k/ref/main_project/human_g1k_v37.fasta
#CHROM	POS	ID	REF	ALT	QUAL	FILTER	INFO	FORMAT	mom1	dad1	child1	mom2	dad2	child2
1	100	.	A	G	100	PASS	.	GT	0/0	0/0	1/1	1/1	0/1	1/1
