#[1]CHROM [2]POS [3]SAMPLE [4]SAMPLE [5]DP [6]DP [7]GT [8]GT
4 3258449 C D 1 0 1/1 0/0
