#[1]CHROM [2]POS  [3]SAMPLE [4]DP [5]GT[6]CHROM [7]POS  [8]SAMPLE [9]DP [10]GT
4 3258449  C 1 1/14 3258449  D 0 0/0
