#[1]CHROM [2]POS [3]SAMPLE [4]DP [5]GT [6]SAMPLE [7]DP [8]GT
4 3258449 C 1 1/1 D 0 0/0
